// Jest Snapshot v1, https://goo.gl/fbAQLP

exports[`renders without crashing 1`] = `
<div
  className="Todo"
>
  <input
    checked={false}
    onChange={[Function]}
    type="checkbox"
  />
  <span
    className="todo-not-done"
    onClick={[Function]}
  >
    test
  </span>
</div>
`;
